../Core/Src/main.c:81:5:__io_putchar	16	static
../Core/Src/main.c:87:6:LedTask	16	static
../Core/Src/main.c:225:5:ma_fonction_test	40	static
../Core/Src/main.c:239:6:shellTask	16	static
../Core/Src/main.c:244:5:led_shell_func	40	static
../Core/Src/main.c:271:6:spamTask	16	static
../Core/Src/main.c:284:5:spam_shell_func	40	static
../Core/Src/main.c:313:6:vApplicationStackOverflowHook	128	static,ignoring_inline_asm
../Core/Src/main.c:331:6:recursive_overflow	10008	static
../Core/Src/main.c:338:6:dummyTask	4024	static
../Core/Src/main.c:352:5:overflow_shell_func	40	static
../Core/Src/main.c:366:6:configureTimerForRunTimeStats	4	static
../Core/Src/main.c:372:15:getRunTimeCounterValue	8	static
../Core/Src/main.c:377:6:producerTask	16	static
../Core/Src/main.c:386:6:consumerTask	16	static
../Core/Src/main.c:406:5:main	16	static
../Core/Src/main.c:573:6:SystemClock_Config	88	static
../Core/Src/main.c:633:6:Error_Handler	4	static,ignoring_inline_asm
